{"idDataSetSchema":{"timestamp":1572445451,"machineIdentifier":11959462,"processIdentifier":-29512,"counter":16412755,"date":1572445451000,"time":1572445451000,"timeSecond":1572445451},"nameDataSetSchema":"COMIDA","idDataFlow":99,"tableSchemas":[{"idTableSchema":{"timestamp":1572445678,"machineIdentifier":11959462,"processIdentifier":-29512,"counter":16412756,"date":1572445678000,"time":1572445678000,"timeSecond":1572445678},"nameTableSchema":"Tabla quesos","idDataSet":null,"recordSchema":null,"ruleTable":null},{"idTableSchema":{"timestamp":1572514341,"machineIdentifier":10880612,"processIdentifier":-23244,"counter":11823038,"date":1572514341000,"time":1572514341000,"timeSecond":1572514341},"nameTableSchema":"Tabla embutidos","idDataSet":null,"recordSchema":null,"ruleTable":null}],"ruleDataSet":[]}