// Jest Snapshot v1, https://goo.gl/fbAQLP

exports[`Title should render correctly 1`] = `ShallowWrapper {}`;
